hello
Hello World
10
what's up
30
40
25
12
(function)
