hello world
100
how's your day going?
(namespace)
